{"timestamp":"2026-10-06T17:25:18.959574Z","level":"info","event":"DAG bundles loaded: dags-folder, example_dags","logger":"airflow.dag_processing.bundles.manager.DagBundlesManager","filename":"manager.py","lineno":179}
{"timestamp":"2026-10-06T17:25:18.961423Z","level":"info","event":"Filling up the DagBag from /opt/airflow/dags/weather_data.py","logger":"airflow.models.dagbag.BundleDagBag","filename":"dagbag.py","lineno":593}
{"timestamp":"2026-10-06T17:25:19.000496Z","level":"info","event":"→ Conectando em localhost:5432/weather_data","logger":"root","filename":"load_data.py","lineno":22}
{"timestamp":"2026-10-06T17:25:19.022519Z","level":"warning","event":"The `airflow.decorators.dag` attribute is deprecated. Please use `'airflow.sdk.dag'`.","category":"DeprecatedImportWarning","filename":"/opt/airflow/dags/weather_data.py","lineno":2,"logger":"py.warnings"}
{"timestamp":"2026-10-06T17:25:19.022862Z","level":"warning","event":"The `airflow.decorators.task` attribute is deprecated. Please use `'airflow.sdk.task'`.","category":"DeprecatedImportWarning","filename":"/opt/airflow/dags/weather_data.py","lineno":2,"logger":"py.warnings"}
{"timestamp":"2026-10-06T17:25:19.072787Z","level":"info","event":"Task instance is in running state","logger":"task.stdout"}
{"timestamp":"2026-10-06T17:25:19.073041Z","level":"info","event":" Previous state of the Task instance: TaskInstanceState.QUEUED","logger":"task.stdout"}
{"timestamp":"2026-10-06T17:25:19.073265Z","level":"info","event":"Current task name:transform","logger":"task.stdout"}
{"timestamp":"2026-10-06T17:25:19.073370Z","level":"info","event":"Dag name:weather_pipeline","logger":"task.stdout"}
{"timestamp":"2026-10-06T17:25:19.075831Z","level":"info","event":"","logger":"task.stdout"}
{"timestamp":"2026-10-06T17:25:19.076026Z","level":"info","event":" Iniciando transformações","logger":"task.stdout"}
{"timestamp":"2026-10-06T17:25:19.075879Z","level":"info","event":"Criando DataFrame do arquivo json...","logger":"root","filename":"transform_data.py","lineno":48}
{"timestamp":"2026-10-06T17:25:19.081041Z","level":"info","event":"\nDataFrame criado com 1 linha(s)","logger":"root","filename":"transform_data.py","lineno":58}
{"timestamp":"2026-10-06T17:25:19.090183Z","level":"info","event":"Coluna 'weather' normalizada - 31 colunas","logger":"root","filename":"transform_data.py","lineno":77}
{"timestamp":"2026-10-06T17:25:19.090395Z","level":"info","event":"\n Removendo colunas: ['weather', 'weather_icon', 'sys.type']","logger":"root","filename":"transform_data.py","lineno":82}
{"timestamp":"2026-10-06T17:25:19.092012Z","level":"info","event":"Colunas removidas - 28 colunas restantes","logger":"root","filename":"transform_data.py","lineno":84}
{"timestamp":"2026-10-06T17:25:19.092202Z","level":"info","event":"\n Renomeando 26 colunas...","logger":"root","filename":"transform_data.py","lineno":89}
{"timestamp":"2026-10-06T17:25:19.093079Z","level":"info","event":"Colunas renomeadas","logger":"root","filename":"transform_data.py","lineno":91}
{"timestamp":"2026-10-06T17:25:19.104815Z","level":"info","event":"Colunas convertidas para daytime","logger":"root","filename":"transform_data.py","lineno":99}
{"timestamp":"2026-10-06T17:25:19.105024Z","level":"info","event":"\n Transformações concluidas","logger":"root","filename":"transform_data.py","lineno":111}
{"timestamp":"2026-10-06T17:25:19.196658Z","level":"info","event":"Done. Returned value was: None","logger":"airflow.task.operators.airflow.providers.standard.decorators.python._PythonDecoratedOperator","filename":"python.py","lineno":230}
{"timestamp":"2026-10-06T17:25:19.237356Z","level":"info","event":"Task instance in success state","logger":"task.stdout"}
{"timestamp":"2026-10-06T17:25:19.237519Z","level":"info","event":" Previous state of the Task instance: TaskInstanceState.RUNNING","logger":"task.stdout"}
{"timestamp":"2026-10-06T17:25:19.238081Z","level":"info","event":"Task operator:<Task(_PythonDecoratedOperator): transform>","logger":"task.stdout"}
