{"timestamp":"2026-10-06T18:00:05.006240Z","level":"info","event":"DAG bundles loaded: dags-folder, example_dags","logger":"airflow.dag_processing.bundles.manager.DagBundlesManager","filename":"manager.py","lineno":179}
{"timestamp":"2026-10-06T18:00:05.007212Z","level":"info","event":"Filling up the DagBag from /opt/airflow/dags/weather_data.py","logger":"airflow.models.dagbag.BundleDagBag","filename":"dagbag.py","lineno":593}
{"timestamp":"2026-10-06T18:00:05.034033Z","level":"info","event":"→ Conectando em localhost:5432/weather_data","logger":"root","filename":"load_data.py","lineno":22}
{"timestamp":"2026-10-06T18:00:05.045729Z","level":"warning","event":"The `airflow.decorators.dag` attribute is deprecated. Please use `'airflow.sdk.dag'`.","category":"DeprecatedImportWarning","filename":"/opt/airflow/dags/weather_data.py","lineno":2,"logger":"py.warnings"}
{"timestamp":"2026-10-06T18:00:05.045881Z","level":"warning","event":"The `airflow.decorators.task` attribute is deprecated. Please use `'airflow.sdk.task'`.","category":"DeprecatedImportWarning","filename":"/opt/airflow/dags/weather_data.py","lineno":2,"logger":"py.warnings"}
{"timestamp":"2026-10-06T18:00:05.076782Z","level":"info","event":"Task instance is in running state","logger":"task.stdout"}
{"timestamp":"2026-10-06T18:00:05.077044Z","level":"info","event":" Previous state of the Task instance: TaskInstanceState.QUEUED","logger":"task.stdout"}
{"timestamp":"2026-10-06T18:00:05.077196Z","level":"info","event":"Current task name:transform","logger":"task.stdout"}
{"timestamp":"2026-10-06T18:00:05.077285Z","level":"info","event":"Dag name:weather_pipeline","logger":"task.stdout"}
{"timestamp":"2026-10-06T18:00:05.078937Z","level":"info","event":"","logger":"task.stdout"}
{"timestamp":"2026-10-06T18:00:05.079092Z","level":"info","event":" Iniciando transformações","logger":"task.stdout"}
{"timestamp":"2026-10-06T18:00:05.078987Z","level":"info","event":"Criando DataFrame do arquivo json...","logger":"root","filename":"transform_data.py","lineno":48}
{"timestamp":"2026-10-06T18:00:05.083944Z","level":"info","event":"\nDataFrame criado com 1 linha(s)","logger":"root","filename":"transform_data.py","lineno":58}
{"timestamp":"2026-10-06T18:00:05.091738Z","level":"info","event":"Coluna 'weather' normalizada - 30 colunas","logger":"root","filename":"transform_data.py","lineno":77}
{"timestamp":"2026-10-06T18:00:05.091920Z","level":"info","event":"\n Removendo colunas: ['weather', 'weather_icon', 'sys.type']","logger":"root","filename":"transform_data.py","lineno":82}
{"timestamp":"2026-10-06T18:00:05.093147Z","level":"info","event":"Colunas removidas - 27 colunas restantes","logger":"root","filename":"transform_data.py","lineno":84}
{"timestamp":"2026-10-06T18:00:05.093304Z","level":"info","event":"\n Renomeando 26 colunas...","logger":"root","filename":"transform_data.py","lineno":89}
{"timestamp":"2026-10-06T18:00:05.094012Z","level":"info","event":"Colunas renomeadas","logger":"root","filename":"transform_data.py","lineno":91}
{"timestamp":"2026-10-06T18:00:05.099127Z","level":"info","event":"Colunas convertidas para daytime","logger":"root","filename":"transform_data.py","lineno":99}
{"timestamp":"2026-10-06T18:00:05.099249Z","level":"info","event":"\n Transformações concluidas","logger":"root","filename":"transform_data.py","lineno":111}
{"timestamp":"2026-10-06T18:00:05.137736Z","level":"info","event":"Done. Returned value was: None","logger":"airflow.task.operators.airflow.providers.standard.decorators.python._PythonDecoratedOperator","filename":"python.py","lineno":230}
{"timestamp":"2026-10-06T18:00:05.165288Z","level":"info","event":"Task instance in success state","logger":"task.stdout"}
{"timestamp":"2026-10-06T18:00:05.165453Z","level":"info","event":" Previous state of the Task instance: TaskInstanceState.RUNNING","logger":"task.stdout"}
{"timestamp":"2026-10-06T18:00:05.165705Z","level":"info","event":"Task operator:<Task(_PythonDecoratedOperator): transform>","logger":"task.stdout"}
